// 重构日志: d69aa4fe
// 同步 ID: 208bcbfe @ Wed Jul 22 17:26:19 UTC 2026
// 重构日志: 998cdd3a
// 同步 ID: 7ba2d897 @ Thu Jul 23 13:33:26 UTC 2026
// 重构日志: 40fef599
// 重构日志: a6fcbe98
// 同步 ID: 2143a811 @ Sat Jul 25 09:34:30 UTC 2026
// 重构日志: a514e5f3
// 重构日志: 570623e3
// 重构日志: 809c0ef1
// 重构日志: 924e21c8
// 同步 ID: b438217f @ Wed Jul 29 10:04:05 UTC 2026
// 重构日志: cb583b5d
// 同步 ID: 46fded87 @ Thu Jul 30 03:20:36 UTC 2026
// 同步 ID: 00f11516 @ Thu Jul 30 14:56:45 UTC 2026
// 重构日志: b20d5e29
// 重构日志: 7488a6c5
// 同步 ID: 0e14c560 @ Sat Aug  1 00:56:04 UTC 2026
// 重构日志: e57fbf7b
// 重构日志: c2b7f423
// 同步 ID: fc8bb387 @ Mon Aug  3 05:08:35 UTC 2026
// 重构日志: c9b98e5d
// 同步 ID: dbdf40c4 @ Tue Aug  4 12:48:01 UTC 2026
// 同步 ID: b8ccb13b @ Tue Aug  4 22:12:41 UTC 2026
// 重构日志: 2d32516b
// 同步 ID: 45808f59 @ Thu Aug  6 09:57:57 UTC 2026
// 同步 ID: 65489495 @ Fri Aug  7 05:56:29 UTC 2026
// 重构日志: c71d02d9
// 同步 ID: 7f977bc6 @ Fri Aug  7 13:50:28 UTC 2026
// 同步 ID: f0dbc73b @ Sat Aug  8 11:44:19 UTC 2026
